[    0.000000] Linux version 6.15.0-rc1-next-20250408 (root@root) (gcc (GCC) 14.2.0, GNU ld (GNU Binutils) 2.44) #1 SMP PREEMPT_DYNAMIC Tue Apr  8 18:48:10 UTC 2025
[    0.000000] Command line: BOOT_IMAGE=/vmlinuz-6.15.0-rc1-next-20250408 root=/dev/sda4 ro
[    0.000000] BIOS-provided physical RAM map:
[    0.000000] BIOS-e820: [mem 0x0000000000000000-0x000000000009fbff] usable
[    0.000000] BIOS-e820: [mem 0x000000000009fc00-0x000000000009ffff] reserved
[    0.000000] BIOS-e820: [mem 0x00000000000f0000-0x00000000000fffff] reserved
[    0.000000] BIOS-e820: [mem 0x0000000000100000-0x00000000dffeffff] usable
[    0.000000] BIOS-e820: [mem 0x00000000dfff0000-0x00000000dfffffff] ACPI data
[    0.000000] BIOS-e820: [mem 0x00000000fec00000-0x00000000fec00fff] reserved
[    0.000000] BIOS-e820: [mem 0x00000000fee00000-0x00000000fee00fff] reserved
[    0.000000] BIOS-e820: [mem 0x00000000fffc0000-0x00000000ffffffff] reserved
[    0.000000] BIOS-e820: [mem 0x0000000100000000-0x000000016a3fffff] usable
[    0.000000] NX (Execute Disable) protection: active
[    0.000000] APIC: Static calls initialized
[    0.000000] SMBIOS 2.5 present.
[    0.000000] DMI: innotek GmbH VirtualBox/VirtualBox, BIOS VirtualBox 12/01/2006
[    0.000000] DMI: Memory slots populated: 0/0
[    0.000000] Hypervisor detected: KVM
[    0.000000] kvm-clock: Using msrs 4b564d01 and 4b564d00
[    0.000002] kvm-clock: using sched offset of 23995328614 cycles
[    0.000006] clocksource: kvm-clock: mask: 0xffffffffffffffff max_cycles: 0x1cd42e4dffb, max_idle_ns: 881590591483 ns
[    0.000011] tsc: Detected 1807.300 MHz processor
[    0.001842] e820: update [mem 0x00000000-0x00000fff] usable ==> reserved
[    0.001859] e820: remove [mem 0x000a0000-0x000fffff] usable
[    0.001868] last_pfn = 0x16a400 max_arch_pfn = 0x400000000
[    0.002673] MTRR map: 6 entries (3 fixed + 3 variable; max 35), built from 16 variable MTRRs
[    0.002694] x86/PAT: Configuration [0-7]: WB  WC  UC- UC  WB  WP  UC- WT  
[    0.004563] e820: update [mem 0xe0000000-0xffffffff] usable ==> reserved
[    0.004598] last_pfn = 0xe0000 max_arch_pfn = 0x400000000
[    0.020182] found SMP MP-table at [mem 0x0009fbf0-0x0009fbff]
[    0.020553] ACPI: Early table checksum verification disabled
[    0.020560] ACPI: RSDP 0x00000000000E0000 000024 (v02 VBOX  )
[    0.020587] ACPI: XSDT 0x00000000DFFF0030 00003C (v01 VBOX   VBOXXSDT 00000001 ASL  00000061)
[    0.020598] ACPI: FACP 0x00000000DFFF00F0 0000F4 (v04 VBOX   VBOXFACP 00000001 ASL  00000061)
[    0.020607] ACPI: DSDT 0x00000000DFFF0610 002353 (v02 VBOX   VBOXBIOS 00000002 INTL 20240322)
[    0.020612] ACPI: FACS 0x00000000DFFF0200 000040
[    0.020617] ACPI: FACS 0x00000000DFFF0200 000040
[    0.020622] ACPI: APIC 0x00000000DFFF0240 00005C (v02 VBOX   VBOXAPIC 00000001 ASL  00000061)
[    0.020626] ACPI: SSDT 0x00000000DFFF02A0 00036C (v01 VBOX   VBOXCPUT 00000002 INTL 20240322)
[    0.020630] ACPI: Reserving FACP table memory at [mem 0xdfff00f0-0xdfff01e3]
[    0.020633] ACPI: Reserving DSDT table memory at [mem 0xdfff0610-0xdfff2962]
[    0.020634] ACPI: Reserving FACS table memory at [mem 0xdfff0200-0xdfff023f]
[    0.020635] ACPI: Reserving FACS table memory at [mem 0xdfff0200-0xdfff023f]
[    0.020636] ACPI: Reserving APIC table memory at [mem 0xdfff0240-0xdfff029b]
[    0.020637] ACPI: Reserving SSDT table memory at [mem 0xdfff02a0-0xdfff060b]
[    0.022148] No NUMA configuration found
[    0.022151] Faking a node at [mem 0x0000000000000000-0x000000016a3fffff]
[    0.022156] NODE_DATA(0) allocated [mem 0x16a3fb800-0x16a3fefff]
[    0.022313] Zone ranges:
[    0.022314]   DMA      [mem 0x0000000000001000-0x0000000000ffffff]
[    0.022317]   DMA32    [mem 0x0000000001000000-0x00000000ffffffff]
[    0.022318]   Normal   [mem 0x0000000100000000-0x000000016a3fffff]
[    0.022320] Movable zone start for each node
[    0.022321] Early memory node ranges
[    0.022321]   node   0: [mem 0x0000000000001000-0x000000000009efff]
[    0.022322]   node   0: [mem 0x0000000000100000-0x00000000dffeffff]
[    0.022324]   node   0: [mem 0x0000000100000000-0x000000016a3fffff]
[    0.022325] Initmem setup node 0 [mem 0x0000000000001000-0x000000016a3fffff]
[    0.022355] On node 0, zone DMA: 1 pages in unavailable ranges
[    0.022862] On node 0, zone DMA: 97 pages in unavailable ranges
[    0.208955] On node 0, zone Normal: 16 pages in unavailable ranges
[    0.211971] On node 0, zone Normal: 23552 pages in unavailable ranges
[    0.214929] ACPI: PM-Timer IO Port: 0x4008
[    0.215210] IOAPIC[0]: apic_id 2, version 32, address 0xfec00000, GSI 0-23
[    0.215216] ACPI: INT_SRC_OVR (bus 0 bus_irq 0 global_irq 2 dfl dfl)
[    0.215218] ACPI: INT_SRC_OVR (bus 0 bus_irq 9 global_irq 9 low level)
[    0.215224] ACPI: Using ACPI (MADT) for SMP configuration information
[    0.215230] CPU topo: Max. logical packages:   1
[    0.215231] CPU topo: Max. logical dies:       1
[    0.215232] CPU topo: Max. dies per package:   1
[    0.215237] CPU topo: Max. threads per core:   1
[    0.215238] CPU topo: Num. cores per package:     2
[    0.215238] CPU topo: Num. threads per package:   2
[    0.215239] CPU topo: Allowing 2 present CPUs plus 0 hotplug CPUs
[    0.215354] PM: hibernation: Registered nosave memory: [mem 0x00000000-0x00000fff]
[    0.215357] PM: hibernation: Registered nosave memory: [mem 0x0009f000-0x000fffff]
[    0.215358] PM: hibernation: Registered nosave memory: [mem 0xdfff0000-0xffffffff]
[    0.215360] [mem 0xe0000000-0xfebfffff] available for PCI devices
[    0.215361] Booting paravirtualized kernel on KVM
[    0.215363] clocksource: refined-jiffies: mask: 0xffffffff max_cycles: 0xffffffff, max_idle_ns: 1910969940391419 ns
[    0.222488] setup_percpu: NR_CPUS:64 nr_cpumask_bits:2 nr_cpu_ids:2 nr_node_ids:1
[    0.226280] percpu: Embedded 51 pages/cpu s171224 r8192 d29480 u1048576
[    0.226286] pcpu-alloc: s171224 r8192 d29480 u1048576 alloc=1*2097152
[    0.226289] pcpu-alloc: [0] 0 1 
[    0.226398] Kernel command line: BOOT_IMAGE=/vmlinuz-6.15.0-rc1-next-20250408 root=/dev/sda4 ro
[    0.226438] Unknown kernel command line parameters "BOOT_IMAGE=/vmlinuz-6.15.0-rc1-next-20250408", will be passed to user space.
[    0.226460] random: crng init done
[    0.226461] printk: log buffer data + meta data: 262144 + 917504 = 1179648 bytes
[    0.243327] Dentry cache hash table entries: 1048576 (order: 11, 8388608 bytes, linear)
[    0.251664] Inode-cache hash table entries: 524288 (order: 10, 4194304 bytes, linear)
[    0.251792] software IO TLB: area num 2.
[    0.394736] Fallback order for Node 0: 0 
[    0.394744] Built 1 zonelists, mobility grouping on.  Total pages: 1352590
[    0.394746] Policy zone: Normal
[    0.394749] mem auto-init: stack:all(zero), heap alloc:off, heap free:off
[    0.408751] SLUB: HWalign=64, Order=0-3, MinObjects=0, CPUs=2, Nodes=1
[    0.408831] Kernel/User page tables isolation: enabled
[    0.410485] Dynamic Preempt: voluntary
[    0.410558] rcu: Preemptible hierarchical RCU implementation.
[    0.410559] rcu: 	RCU event tracing is enabled.
[    0.410560] rcu: 	RCU restricting CPUs from NR_CPUS=64 to nr_cpu_ids=2.
[    0.410562] 	Trampoline variant of Tasks RCU enabled.
[    0.410563] 	Tracing variant of Tasks RCU enabled.
[    0.410563] rcu: RCU calculated value of scheduler-enlistment delay is 100 jiffies.
[    0.410564] rcu: Adjusting geometry for rcu_fanout_leaf=16, nr_cpu_ids=2
[    0.410592] RCU Tasks: Setting shift to 1 and lim to 1 rcu_task_cb_adjust=1 rcu_task_cpu_ids=2.
[    0.410595] RCU Tasks Trace: Setting shift to 1 and lim to 1 rcu_task_cb_adjust=1 rcu_task_cpu_ids=2.
[    0.414815] NR_IRQS: 4352, nr_irqs: 440, preallocated irqs: 16
[    0.415542] rcu: srcu_init: Setting srcu_struct sizes based on contention.
[    0.451176] Console: colour VGA+ 80x25
[    0.451188] printk: legacy console [tty0] enabled
[    0.675375] ACPI: Core revision 20241212
[    0.677301] APIC: Switch to symmetric I/O mode setup
[    0.681585] x2apic enabled
[    0.686009] APIC: Switched APIC routing to: physical x2apic
[    0.699166] ..TIMER: vector=0x30 apic1=0 pin1=2 apic2=-1 pin2=-1
[    0.701812] clocksource: tsc-early: mask: 0xffffffffffffffff max_cycles: 0x1a0d19840b7, max_idle_ns: 440795209816 ns
[    0.705490] Calibrating delay loop (skipped) preset value.. 3614.60 BogoMIPS (lpj=1807300)
[    0.709406] Last level iTLB entries: 4KB 64, 2MB 8, 4MB 8
[    0.709492] Last level dTLB entries: 4KB 64, 2MB 32, 4MB 32, 1GB 4
[    0.710502] Spectre V1 : Mitigation: usercopy/swapgs barriers and __user pointer sanitization
[    0.711494] Spectre V2 : Mitigation: Retpolines
[    0.712488] Spectre V2 : Spectre v2 / SpectreRSB mitigation: Filling RSB on context switch
[    0.713489] Spectre V2 : Spectre v2 / SpectreRSB : Filling RSB on VMEXIT
[    0.714502] Speculative Store Bypass: Vulnerable
[    0.715490] MDS: Mitigation: Clear CPU buffers
[    0.716489] MMIO Stale Data: Unknown: No mitigations
[    0.717488] SRBDS: Unknown: Dependent on hypervisor status
[    0.718615] x86/fpu: Supporting XSAVE feature 0x001: 'x87 floating point registers'
[    0.719495] x86/fpu: Supporting XSAVE feature 0x002: 'SSE registers'
[    0.720493] x86/fpu: Supporting XSAVE feature 0x004: 'AVX registers'
[    0.721491] x86/fpu: xstate_offset[2]:  576, xstate_sizes[2]:  256
[    0.722488] x86/fpu: Enabled xstate features 0x7, context size is 832 bytes, using 'standard' format.
[    0.747311] Freeing SMP alternatives memory: 52K
[    0.747496] pid_max: default: 32768 minimum: 301
[    0.748519] LSM: initializing lsm=capability,selinux
[    0.749521] SELinux:  Initializing.
[    0.751505] Mount-cache hash table entries: 16384 (order: 5, 131072 bytes, linear)
[    0.752732] Mountpoint-cache hash table entries: 16384 (order: 5, 131072 bytes, linear)
[    0.859490] APIC calibration not consistent with PM-Timer: 110ms instead of 100ms
[    0.860485] APIC delta adjusted to PM-Timer: 6301861 (6936442)
[    0.860744] smpboot: CPU0: Intel(R) Core(TM) i5-5350U CPU @ 1.80GHz (family: 0x6, model: 0x3d, stepping: 0x4)
[    0.861485] Performance Events: unsupported CPU family 6 model 61 no PMU driver, software events only.
[    0.861485] signal: max sigframe size: 1776
[    0.861485] rcu: Hierarchical SRCU implementation.
[    0.861485] rcu: 	Max phase no-delay instances is 400.
[    0.862755] Timer migration: 1 hierarchy levels; 8 children per group; 1 crossnode level
[    0.863785] smp: Bringing up secondary CPUs ...
[    0.865061] smpboot: x86: Booting SMP configuration:
[    0.865506] .... node  #0, CPUs:      #1
[    0.870751] smp: Brought up 1 node, 2 CPUs
[    0.872491] smpboot: Total of 2 processors activated (7229.20 BogoMIPS)
[    0.875497] Memory: 5201732K/5410360K available (18321K kernel code, 2884K rwdata, 7244K rodata, 2756K init, 828K bss, 204652K reserved, 0K cma-reserved)
[    0.878268] devtmpfs: initialized
[    0.880520] clocksource: jiffies: mask: 0xffffffff max_cycles: 0xffffffff, max_idle_ns: 1911260446275000 ns
[    0.881497] posixtimers hash table entries: 1024 (order: 2, 16384 bytes, linear)
[    0.883496] futex hash table entries: 512 (order: 3, 32768 bytes, linear)
[    0.885113] PM: RTC time: 21:32:35, date: 2025-04-08
[    0.886720] NET: Registered PF_NETLINK/PF_ROUTE protocol family
[    0.887646] audit: initializing netlink subsys (disabled)
[    0.889578] audit: type=2000 audit(1744147980.626:1): state=initialized audit_enabled=0 res=1
[    0.890044] thermal_sys: Registered thermal governor 'step_wise'
[    0.890507] cpuidle: using governor menu
[    0.893331] PCI: Using configuration type 1 for base access
[    0.895485] kprobes: kprobe jump-optimization is enabled. All kprobes are optimized if possible.
[    0.897885] HugeTLB: allocation took 0ms with hugepage_allocation_threads=1
[    0.898485] HugeTLB: registered 2.00 MiB page size, pre-allocated 0 pages
[    0.898485] HugeTLB: 28 KiB vmemmap can be freed for a 2.00 MiB page
[    0.898487] ACPI: Added _OSI(Module Device)
[    0.898487] ACPI: Added _OSI(Processor Device)
[    0.898487] ACPI: Added _OSI(3.0 _SCP Extensions)
[    0.899498] ACPI: Added _OSI(Processor Aggregator Device)
[    0.900485] ACPI: 2 ACPI AML tables successfully acquired and loaded
[    0.908724] ACPI: Interpreter enabled
[    0.909485] ACPI: PM: (supports S0 S5)
[    0.909485] ACPI: Using IOAPIC for interrupt routing
[    0.909485] PCI: Using host bridge windows from ACPI; if necessary, use "pci=nocrs" and report a bug
[    0.909491] PCI: Using E820 reservations for host bridge windows
[    0.910485] ACPI: Enabled 2 GPEs in block 00 to 07
[    0.911485] ACPI: PCI Root Bridge [PCI0] (domain 0000 [bus 00-ff])
[    0.911485] acpi PNP0A03:00: _OSC: OS supports [ASPM ClockPM Segments MSI HPX-Type3]
[    0.911485] acpi PNP0A03:00: _OSC: not requesting OS control; OS requires [ExtendedConfig ASPM ClockPM MSI]
[    0.912219] acpi PNP0A03:00: fail to add MMCONFIG information, can't access extended configuration space under this bridge
[    0.912485] PCI host bridge to bus 0000:00
[    0.912485] pci_bus 0000:00: root bus resource [io  0x0000-0x0cf7 window]
[    0.912497] pci_bus 0000:00: root bus resource [io  0x0d00-0xffff window]
[    0.913485] pci_bus 0000:00: root bus resource [mem 0x000a0000-0x000bffff window]
[    0.913485] pci_bus 0000:00: root bus resource [mem 0xe0000000-0xfdffffff window]
[    0.913485] pci_bus 0000:00: root bus resource [bus 00-ff]
[    0.913485] pci 0000:00:00.0: [8086:1237] type 00 class 0x060000 conventional PCI endpoint
[    0.913485] pci 0000:00:01.0: [8086:7000] type 00 class 0x060100 conventional PCI endpoint
[    0.914485] pci 0000:00:01.1: [8086:7111] type 00 class 0x01018a conventional PCI endpoint
[    0.915485] pci 0000:00:01.1: BAR 4 [io  0xd000-0xd00f]
[    0.915485] pci 0000:00:01.1: BAR 0 [io  0x01f0-0x01f7]: legacy IDE quirk
[    0.915485] pci 0000:00:01.1: BAR 1 [io  0x03f6]: legacy IDE quirk
[    0.915485] pci 0000:00:01.1: BAR 2 [io  0x0170-0x0177]: legacy IDE quirk
[    0.915485] pci 0000:00:01.1: BAR 3 [io  0x0376]: legacy IDE quirk
[    0.915485] pci 0000:00:02.0: [15ad:0405] type 00 class 0x030000 conventional PCI endpoint
[    0.917485] pci 0000:00:02.0: BAR 0 [io  0xd010-0xd01f]
[    0.917485] pci 0000:00:02.0: BAR 1 [mem 0xe0000000-0xe0ffffff pref]
[    0.917485] pci 0000:00:02.0: BAR 2 [mem 0xf0000000-0xf01fffff]
[    0.917485] pci 0000:00:02.0: Video device with shadowed ROM at [mem 0x000c0000-0x000dffff]
[    0.917485] pci 0000:00:03.0: [8086:100e] type 00 class 0x020000 conventional PCI endpoint
[    0.919485] pci 0000:00:03.0: BAR 0 [mem 0xf0200000-0xf021ffff]
[    0.919485] pci 0000:00:03.0: BAR 2 [io  0xd020-0xd027]
[    0.922856] pci 0000:00:04.0: [80ee:cafe] type 00 class 0x088000 conventional PCI endpoint
[    0.931527] pci 0000:00:04.0: BAR 0 [io  0xd040-0xd05f]
[    0.935489] pci 0000:00:04.0: BAR 1 [mem 0xf0400000-0xf07fffff]
[    0.939555] pci 0000:00:04.0: BAR 2 [mem 0xf0800000-0xf0803fff pref]
[    0.947526] pci 0000:00:05.0: [8086:2415] type 00 class 0x040100 conventional PCI endpoint
[    0.955525] pci 0000:00:05.0: BAR 0 [io  0xd100-0xd1ff]
[    0.958530] pci 0000:00:05.0: BAR 1 [io  0xd200-0xd23f]
[    0.964683] pci 0000:00:06.0: [106b:003f] type 00 class 0x0c0310 conventional PCI endpoint
[    0.974742] pci 0000:00:06.0: BAR 0 [mem 0xf0804000-0xf0804fff]
[    0.982532] pci 0000:00:07.0: [8086:7113] type 00 class 0x068000 conventional PCI endpoint
[    0.987485] pci 0000:00:07.0: quirk: [io  0x4000-0x403f] claimed by PIIX4 ACPI
[    0.987485] pci 0000:00:07.0: quirk: [io  0x4100-0x410f] claimed by PIIX4 SMB
[    0.992697] pci 0000:00:0b.0: [8086:265c] type 00 class 0x0c0320 conventional PCI endpoint
[    1.001688] pci 0000:00:0b.0: BAR 0 [mem 0xf0805000-0xf0805fff]
[    1.008593] pci 0000:00:0d.0: [8086:2829] type 00 class 0x010601 conventional PCI endpoint
[    1.017571] pci 0000:00:0d.0: BAR 0 [io  0xd240-0xd247]
[    1.020529] pci 0000:00:0d.0: BAR 1 [io  0xd248-0xd24b]
[    1.025493] pci 0000:00:0d.0: BAR 2 [io  0xd250-0xd257]
[    1.026554] pci 0000:00:0d.0: BAR 3 [io  0xd258-0xd25b]
[    1.030537] pci 0000:00:0d.0: BAR 4 [io  0xd260-0xd26f]
[    1.034525] pci 0000:00:0d.0: BAR 5 [mem 0xf0806000-0xf0807fff]
[    1.037913] ACPI: PCI: Interrupt link LNKA configured for IRQ 11
[    1.043563] ACPI: PCI: Interrupt link LNKB configured for IRQ 10
[    1.048961] ACPI: PCI: Interrupt link LNKC configured for IRQ 9
[    1.053770] ACPI: PCI: Interrupt link LNKD configured for IRQ 11
[    1.058743] iommu: Default domain type: Translated
[    1.062490] iommu: DMA domain TLB invalidation policy: lazy mode
[    1.066643] SCSI subsystem initialized
[    1.070643] libata version 3.00 loaded.
[    1.070643] ACPI: bus type USB registered
[    1.074580] usbcore: registered new interface driver usbfs
[    1.079510] usbcore: registered new interface driver hub
[    1.083532] usbcore: registered new device driver usb
[    1.087561] pps_core: LinuxPPS API ver. 1 registered
[    1.090492] pps_core: Software ver. 5.3.6 - Copyright 2005-2007 Rodolfo Giometti <giometti@linux.it>
[    1.091485] PTP clock support registered
[    1.091664] Advanced Linux Sound Architecture Driver Initialized.
[    1.096989] NetLabel: Initializing
[    1.100491] NetLabel:  domain hash size = 128
[    1.105493] NetLabel:  protocols = UNLABELED CIPSOv4 CALIPSO
[    1.109605] NetLabel:  unlabeled traffic allowed by default
[    1.114702] PCI: Using ACPI for IRQ routing
[    1.118501] PCI: pci_cache_line_size set to 64 bytes
[    1.120686] e820: reserve RAM buffer [mem 0x0009fc00-0x0009ffff]
[    1.120694] e820: reserve RAM buffer [mem 0xdfff0000-0xdfffffff]
[    1.120697] e820: reserve RAM buffer [mem 0x16a400000-0x16bffffff]
[    1.120850] pci 0000:00:02.0: vgaarb: setting as boot VGA device
[    1.121485] pci 0000:00:02.0: vgaarb: bridge control possible
[    1.121485] pci 0000:00:02.0: vgaarb: VGA device added: decodes=io+mem,owns=io+mem,locks=none
[    1.134494] vgaarb: loaded
[    1.136669] clocksource: Switched to clocksource kvm-clock
[    1.142638] VFS: Disk quotas dquot_6.6.0
[    1.147220] VFS: Dquot-cache hash table entries: 512 (order 0, 4096 bytes)
[    1.150566] pnp: PnP ACPI init
[    1.153236] pnp: PnP ACPI: found 2 devices
[    1.165255] clocksource: acpi_pm: mask: 0xffffff max_cycles: 0xffffff, max_idle_ns: 2085701024 ns
[    1.166203] NET: Registered PF_INET protocol family
[    1.171833] IP idents hash table entries: 131072 (order: 8, 1048576 bytes, linear)
[    1.171833] tcp_listen_portaddr_hash hash table entries: 4096 (order: 4, 65536 bytes, linear)
[    1.181497] Table-perturb hash table entries: 65536 (order: 6, 262144 bytes, linear)
[    1.182316] TCP established hash table entries: 65536 (order: 7, 524288 bytes, linear)
[    1.188679] TCP bind hash table entries: 65536 (order: 9, 2097152 bytes, linear)
[    1.193021] TCP: Hash tables configured (established 65536 bind 65536)
[    1.193021] UDP hash table entries: 4096 (order: 6, 262144 bytes, linear)
[    1.203428] UDP-Lite hash table entries: 4096 (order: 6, 262144 bytes, linear)
[    1.206712] NET: Registered PF_UNIX/PF_LOCAL protocol family
[    1.210383] RPC: Registered named UNIX socket transport module.
[    1.213083] RPC: Registered udp transport module.
[    1.215450] RPC: Registered tcp transport module.
[    1.216421] RPC: Registered tcp-with-tls transport module.
[    1.216421] RPC: Registered tcp NFSv4.1 backchannel transport module.
[    1.223388] pci_bus 0000:00: resource 4 [io  0x0000-0x0cf7 window]
[    1.224029] pci_bus 0000:00: resource 5 [io  0x0d00-0xffff window]
[    1.224029] pci_bus 0000:00: resource 6 [mem 0x000a0000-0x000bffff window]
[    1.231548] pci_bus 0000:00: resource 7 [mem 0xe0000000-0xfdffffff window]
[    1.233894] pci 0000:00:00.0: Limiting direct PCI/PCI transfers
[    1.241162] PCI: CLS 0 bytes, default 64
[    1.241162] PCI-DMA: Using software bounce buffering for IO (SWIOTLB)
[    1.241162] software IO TLB: mapped [mem 0x00000000dbff0000-0x00000000dfff0000] (64MB)
[    1.252834] RAPL PMU: API unit is 2^-32 Joules, 0 fixed counters, 10737418240 ms ovfl timer
[    1.256271] clocksource: tsc: mask: 0xffffffffffffffff max_cycles: 0x1a0d19840b7, max_idle_ns: 440795209816 ns
[    1.260640] clocksource: Switched to clocksource tsc
[    1.263061] platform rtc_cmos: registered platform RTC device (no PNP device found)
[    1.269082] Initialise system trusted keyrings
[    1.272898] workingset: timestamp_bits=56 max_order=21 bucket_order=0
[    1.276533] NFS: Registering the id_resolver key type
[    1.279281] Key type id_resolver registered
[    1.280242] Key type id_legacy registered
[    1.282665] 9p: Installing v9fs 9p2000 file system support
[    1.301994] Key type asymmetric registered
[    1.302489] Asymmetric key parser 'x509' registered
[    1.302489] Block layer SCSI generic (bsg) driver version 0.4 loaded (major 251)
[    1.302489] io scheduler mq-deadline registered
[    1.310199] io scheduler kyber registered
[    1.313468] ACPI: AC: AC Adapter [AC] (on-line)
[    1.313468] input: Power Button as /devices/LNXSYSTM:00/LNXPWRBN:00/input/input0
[    1.318015] ACPI: button: Power Button [PWRF]
[    1.319761] input: Sleep Button as /devices/LNXSYSTM:00/LNXSLPBN:00/input/input1
[    1.347027] ACPI: button: Sleep Button [SLPF]
[    1.349128] ACPI: video: Video Device [GFX0] (multi-head: yes  rom: no  post: no)
[    1.351953] input: Video Bus as /devices/LNXSYSTM:00/LNXSYBUS:00/PNP0A03:00/LNXVIDEO:00/input/input2
[    1.356196] ACPI: battery: Slot [BAT0] (battery present)
[    1.356196] Serial: 8250/16550 driver, 4 ports, IRQ sharing enabled
[    1.363150] Non-volatile memory driver v1.3
[    1.363150] Linux agpgart interface v0.103
[    1.363150] ACPI: bus type drm_connector registered
[    1.370184] loop: module loaded
[    1.370184] ahci 0000:00:0d.0: version 3.0
[    1.370184] ahci 0000:00:0d.0: SSS flag set, parallel bus scan disabled
[    1.380518] ahci 0000:00:0d.0: AHCI vers 0001.0100, 32 command slots, 3 Gbps, SATA mode
[    1.381192] ahci 0000:00:0d.0: 1/1 ports implemented (port mask 0x1)
[    1.381192] ahci 0000:00:0d.0: flags: 64bit ncq stag only ccc 
[    1.387446] scsi host0: ahci
[    1.388741] ata1: SATA max UDMA/133 abar m8192@0xf0806000 port 0xf0806100 irq 21 lpm-pol 0
[    1.392637] ata_piix 0000:00:01.1: version 2.13
[    1.394686] scsi host1: ata_piix
[    1.397547] scsi host2: ata_piix
[    1.398875] ata2: PATA max UDMA/33 cmd 0x1f0 ctl 0x3f6 bmdma 0xd000 irq 14 lpm-pol 0
[    1.401013] ata3: PATA max UDMA/33 cmd 0x170 ctl 0x376 bmdma 0xd008 irq 15 lpm-pol 0
[    1.401990] e100: Intel(R) PRO/100 Network Driver
[    1.401990] e100: Copyright(c) 1999-2006 Intel Corporation
[    1.401990] e1000: Intel(R) PRO/1000 Network Driver
[    1.401990] e1000: Copyright (c) 1999-2006 Intel Corporation.
[    1.603244] ata3.00: ATAPI: VBOX CD-ROM, 1.0, max UDMA/133
[    1.713781] ata1: SATA link up 3.0 Gbps (SStatus 123 SControl 300)
[    1.719530] ata1.00: ATA-6: VBOX HARDDISK, 1.0, max UDMA/133
[    1.720069] ata1.00: 73400320 sectors, multi 128: LBA48 NCQ (depth 32)
[    1.725247] ata1.00: configured for UDMA/133
[    1.739072] scsi 0:0:0:0: Direct-Access     ATA      VBOX HARDDISK    1.0  PQ: 0 ANSI: 5
[    1.743991] sd 0:0:0:0: Attached scsi generic sg0 type 0
[    1.744433] sd 0:0:0:0: [sda] 73400320 512-byte logical blocks: (37.6 GB/35.0 GiB)
[    1.749499] sd 0:0:0:0: [sda] Write Protect is off
[    1.750390] sd 0:0:0:0: [sda] Mode Sense: 00 3a 00 00
[    1.750390] sd 0:0:0:0: [sda] Write cache: enabled, read cache: enabled, doesn't support DPO or FUA
[    1.750465] sd 0:0:0:0: [sda] Preferred minimum I/O size 512 bytes
[    1.757437] scsi 2:0:0:0: CD-ROM            VBOX     CD-ROM           1.0  PQ: 0 ANSI: 5
[    1.764074] sr 2:0:0:0: [sr0] scsi3-mmc drive: 32x/32x xa/form2 tray
[    1.778557] cdrom: Uniform CD-ROM driver Revision: 3.20
[    1.790983] sr 2:0:0:0: Attached scsi CD-ROM sr0
[    1.790983] sr 2:0:0:0: Attached scsi generic sg1 type 5
[    1.808215]  sda: sda1 sda2 sda3 sda4
[    1.809025] sd 0:0:0:0: [sda] Attached SCSI disk
[    1.984247] e1000 0000:00:03.0 eth0: (PCI:33MHz:32-bit) 08:00:27:a8:ba:75
[    1.984247] e1000 0000:00:03.0 eth0: Intel(R) PRO/1000 Network Connection
[    1.989406] e1000e: Intel(R) PRO/1000 Network Driver
[    1.990768] e1000e: Copyright(c) 1999 - 2015 Intel Corporation.
[    1.991746] sky2: driver version 1.30
[    1.994823] ehci-pci 0000:00:0b.0: EHCI Host Controller
[    1.998245] ehci-pci 0000:00:0b.0: new USB bus registered, assigned bus number 1
[    2.001403] ehci-pci 0000:00:0b.0: irq 19, io mem 0xf0805000
[    2.019358] ehci-pci 0000:00:0b.0: USB 2.0 started, EHCI 1.00
[    2.019754] usb usb1: New USB device found, idVendor=1d6b, idProduct=0002, bcdDevice= 6.15
[    2.019754] usb usb1: New USB device strings: Mfr=3, Product=2, SerialNumber=1
[    2.019754] usb usb1: Product: EHCI Host Controller
[    2.029079] usb usb1: Manufacturer: Linux 6.15.0-rc1-next-20250408 ehci_hcd
[    2.030913] usb usb1: SerialNumber: 0000:00:0b.0
[    2.032863] hub 1-0:1.0: USB hub found
[    2.033600] hub 1-0:1.0: 12 ports detected
[    2.035970] ohci-pci 0000:00:06.0: OHCI PCI host controller
[    2.037940] ohci-pci 0000:00:06.0: new USB bus registered, assigned bus number 2
[    2.038739] ohci-pci 0000:00:06.0: irq 22, io mem 0xf0804000
[    2.098251] usb usb2: New USB device found, idVendor=1d6b, idProduct=0001, bcdDevice= 6.15
[    2.098289] usb usb2: New USB device strings: Mfr=3, Product=2, SerialNumber=1
[    2.107380] usb usb2: Product: OHCI PCI host controller
[    2.108317] usb usb2: Manufacturer: Linux 6.15.0-rc1-next-20250408 ohci_hcd
[    2.108317] usb usb2: SerialNumber: 0000:00:06.0
[    2.108317] hub 2-0:1.0: USB hub found
[    2.108317] hub 2-0:1.0: 12 ports detected
[    2.108317] usbcore: registered new interface driver usblp
[    2.120113] usbcore: registered new interface driver usb-storage
[    2.120221] i8042: PNP: PS/2 Controller [PNP0303:PS2K,PNP0f03:PS2M] at 0x60,0x64 irq 1,12
[    2.129107] serio: i8042 KBD port at 0x60,0x64 irq 1
[    2.129930] serio: i8042 AUX port at 0x60,0x64 irq 12
[    2.129930] input: AT Translated Set 2 keyboard as /devices/platform/i8042/serio0/input/input3
[    2.140512] rtc_cmos rtc_cmos: registered as rtc0
[    2.144985] rtc_cmos rtc_cmos: alarms up to one day, 114 bytes nvram
[    2.148868] device-mapper: ioctl: 4.49.0-ioctl (2025-01-17) initialised: dm-devel@lists.linux.dev
[    2.152149] intel_pstate: CPU model not supported
[    2.154145] hid: raw HID events driver (C) Jiri Kosina
[    2.157981] usbcore: registered new interface driver usbhid
[    2.160639] usbhid: USB HID core driver
[    2.185439] Initializing XFRM netlink socket
[    2.187189] NET: Registered PF_INET6 protocol family
[    2.193493] Segment Routing with IPv6
[    2.195359] In-situ OAM (IOAM) with IPv6
[    2.197172] sit: IPv6, IPv4 and MPLS over IPv4 tunneling driver
[    2.202535] NET: Registered PF_PACKET protocol family
[    2.204969] 9pnet: Installing 9P2000 support
[    2.206802] Key type dns_resolver registered
[    2.210173] IPI shorthand broadcast: enabled
[    2.216447] input: ImExPS/2 Generic Explorer Mouse as /devices/platform/i8042/serio1/input/input5
[    2.220940] sched_clock: Marking stable (1939041646, 280898738)->(2423544361, -203603977)
[    2.227227] registered taskstats version 1
[    2.229006] Loading compiled-in X.509 certificates
[    2.233629] Demotion targets for Node 0: null
[    2.234954] PM:   Magic number: 5:295:550
[    2.236318] clockevents clockevent1: hash matches
[    2.237700] acpi PNP0C0F:01: hash matches
[    2.238927] printk: legacy console [netcon0] enabled
[    2.240417] netconsole: network logging started
[    2.242569] cfg80211: Loading compiled-in X.509 certificates for regulatory database
[    2.245710] kworker/u10:2 (64) used greatest stack depth: 15000 bytes left
[    2.249050] kworker/u10:2 (65) used greatest stack depth: 14392 bytes left
[    2.253690] Loaded X.509 cert 'sforshee: 00b28ddf47aef9cea7'
[    2.255814] Loaded X.509 cert 'wens: 61c038651aabdcf94bd0ac7ff06c7248db18c600'
[    2.259961] platform regulatory.0: Direct firmware load for regulatory.db failed with error -2
[    2.262276] cfg80211: failed to load regulatory.db
[    2.263629] ALSA device list:
[    2.264672]   No soundcards found.
[    2.267032] md: Waiting for all devices to be available before autodetect
[    2.269115] md: If you don't use raid, use raid=noautodetect
[    2.270998] md: Autodetecting RAID arrays.
[    2.272705] md: autorun ...
[    2.273920] md: ... autorun DONE.
[    2.292870] EXT4-fs (sda4): mounted filesystem b4d903e0-5961-41e9-b8ca-3feff5a7b0cd ro with ordered data mode. Quota mode: none.
[    2.296118] VFS: Mounted root (ext4 filesystem) readonly on device 8:4.
[    2.301636] devtmpfs: mounted
[    2.303279] Freeing unused kernel image (initmem) memory: 2756K
[    2.305160] Write protecting the kernel read-only data: 26624k
[    2.310246] Freeing unused kernel image (text/rodata gap) memory: 108K
[    2.313113] Freeing unused kernel image (rodata/data gap) memory: 948K
[    2.364981] x86/mm: Checked W+X mappings: passed, no W+X pages found.
[    2.367422] x86/mm: Checking user space page tables
[    2.425943] usb 2-1: new full-speed USB device number 2 using ohci-pci
[    2.426180] x86/mm: Checked W+X mappings: passed, no W+X pages found.
[    2.429830] Run /sbin/init as init process
[    2.431425]   with arguments:
[    2.431428]     /sbin/init
[    2.431430]   with environment:
[    2.431431]     HOME=/
[    2.431432]     TERM=linux
[    2.431434]     BOOT_IMAGE=/vmlinuz-6.15.0-rc1-next-20250408
[    2.625397] stty (71) used greatest stack depth: 13576 bytes left
[    2.660105] dmesg (72) used greatest stack depth: 13256 bytes left
[    2.670436] usb 2-1: New USB device found, idVendor=80ee, idProduct=0021, bcdDevice= 1.00
[    2.670446] usb 2-1: New USB device strings: Mfr=1, Product=3, SerialNumber=0
[    2.670450] usb 2-1: Product: USB Tablet
[    2.670452] usb 2-1: Manufacturer: VirtualBox
[    2.687154] input: VirtualBox USB Tablet as /devices/pci0000:00/0000:00:06.0/usb2/2-1/2-1:1.0/0003:80EE:0021.0001/input/input6
[    2.688291] hid-generic 0003:80EE:0021.0001: input,hidraw0: USB HID v1.10 Mouse [VirtualBox USB Tablet] on usb-0000:00:06.0-1/input0
[    2.745374] mountpoint (77) used greatest stack depth: 13224 bytes left
[    2.814247] sed (84) used greatest stack depth: 12976 bytes left
[    3.169226] ip (172) used greatest stack depth: 12632 bytes left
[    3.337935] udevd[197]: Starting systemd-udevd version 257.3
[    3.383774] udevd[198]: Using default interface naming scheme 'v257'.
[    3.592490] e1000 0000:00:03.0 enp0s3: renamed from eth0
[    4.117071] Adding 2097148k swap on /dev/sda3.  Priority:1 extents:1 across:2097148k 
[    4.172125] EXT4-fs (sda4): re-mounted b4d903e0-5961-41e9-b8ca-3feff5a7b0cd.
[    4.326145] EXT4-fs (sda4): re-mounted b4d903e0-5961-41e9-b8ca-3feff5a7b0cd r/w.
[    4.374056] EXT4-fs (sda2): mounted filesystem 66e69e5f-db59-4298-aff6-c4926247c4a9 r/w with ordered data mode. Quota mode: none.
[    5.137149] e1000: enp0s3 NIC Link is Up 1000 Mbps Full Duplex, Flow Control: RX
