[    0.000000] Linux version 6.15.0-rc7-g88d324e69ea9 (root@root) (gcc (GCC) 14.2.0, GNU ld (GNU Binutils) 2.44) #2 SMP PREEMPT_DYNAMIC Tue Apr  8 15:35:49 UTC 2025
[    0.000000] Command line: BOOT_IMAGE=/vmlinuz-6.15.0-rc7-g88d324e69ea9 root=/dev/sda4 ro
[    0.000000] BIOS-provided physical RAM map:
[    0.000000] BIOS-e820: [mem 0x0000000000000000-0x000000000009fbff] usable
[    0.000000] BIOS-e820: [mem 0x000000000009fc00-0x000000000009ffff] reserved
[    0.000000] BIOS-e820: [mem 0x00000000000f0000-0x00000000000fffff] reserved
[    0.000000] BIOS-e820: [mem 0x0000000000100000-0x00000000dffeffff] usable
[    0.000000] BIOS-e820: [mem 0x00000000dfff0000-0x00000000dfffffff] ACPI data
[    0.000000] BIOS-e820: [mem 0x00000000fec00000-0x00000000fec00fff] reserved
[    0.000000] BIOS-e820: [mem 0x00000000fee00000-0x00000000fee00fff] reserved
[    0.000000] BIOS-e820: [mem 0x00000000fffc0000-0x00000000ffffffff] reserved
[    0.000000] BIOS-e820: [mem 0x0000000100000000-0x000000016a3fffff] usable
[    0.000000] NX (Execute Disable) protection: active
[    0.000000] APIC: Static calls initialized
[    0.000000] SMBIOS 2.5 present.
[    0.000000] DMI: innotek GmbH VirtualBox/VirtualBox, BIOS VirtualBox 12/01/2006
[    0.000000] DMI: Memory slots populated: 0/0
[    0.000000] Hypervisor detected: KVM
[    0.000000] kvm-clock: Using msrs 4b564d01 and 4b564d00
[    0.000008] kvm-clock: using sched offset of 8520562911216 cycles
[    0.000015] clocksource: kvm-clock: mask: 0xffffffffffffffff max_cycles: 0x1cd42e4dffb, max_idle_ns: 881590591483 ns
[    0.000023] tsc: Detected 1807.286 MHz processor
[    0.002853] e820: update [mem 0x00000000-0x00000fff] usable ==> reserved
[    0.002862] e820: remove [mem 0x000a0000-0x000fffff] usable
[    0.002872] last_pfn = 0x16a400 max_arch_pfn = 0x400000000
[    0.004418] MTRR map: 6 entries (3 fixed + 3 variable; max 35), built from 16 variable MTRRs
[    0.004467] x86/PAT: Configuration [0-7]: WB  WC  UC- UC  WB  WP  UC- WT  
[    0.007243] e820: update [mem 0xe0000000-0xffffffff] usable ==> reserved
[    0.007292] last_pfn = 0xe0000 max_arch_pfn = 0x400000000
[    0.023173] found SMP MP-table at [mem 0x0009fbf0-0x0009fbff]
[    0.023418] ACPI: Early table checksum verification disabled
[    0.023422] ACPI: RSDP 0x00000000000E0000 000024 (v02 VBOX  )
[    0.023427] ACPI: XSDT 0x00000000DFFF0030 00003C (v01 VBOX   VBOXXSDT 00000001 ASL  00000061)
[    0.023433] ACPI: FACP 0x00000000DFFF00F0 0000F4 (v04 VBOX   VBOXFACP 00000001 ASL  00000061)
[    0.023438] ACPI: DSDT 0x00000000DFFF0610 002353 (v02 VBOX   VBOXBIOS 00000002 INTL 20240322)
[    0.023442] ACPI: FACS 0x00000000DFFF0200 000040
[    0.023445] ACPI: FACS 0x00000000DFFF0200 000040
[    0.023447] ACPI: APIC 0x00000000DFFF0240 00005C (v02 VBOX   VBOXAPIC 00000001 ASL  00000061)
[    0.023451] ACPI: SSDT 0x00000000DFFF02A0 00036C (v01 VBOX   VBOXCPUT 00000002 INTL 20240322)
[    0.023453] ACPI: Reserving FACP table memory at [mem 0xdfff00f0-0xdfff01e3]
[    0.023455] ACPI: Reserving DSDT table memory at [mem 0xdfff0610-0xdfff2962]
[    0.023456] ACPI: Reserving FACS table memory at [mem 0xdfff0200-0xdfff023f]
[    0.023456] ACPI: Reserving FACS table memory at [mem 0xdfff0200-0xdfff023f]
[    0.023457] ACPI: Reserving APIC table memory at [mem 0xdfff0240-0xdfff029b]
[    0.023457] ACPI: Reserving SSDT table memory at [mem 0xdfff02a0-0xdfff060b]
[    0.024943] No NUMA configuration found
[    0.024944] Faking a node at [mem 0x0000000000000000-0x000000016a3fffff]
[    0.024948] NODE_DATA(0) allocated [mem 0x16a3fb800-0x16a3fefff]
[    0.025024] Zone ranges:
[    0.025025]   DMA      [mem 0x0000000000001000-0x0000000000ffffff]
[    0.025027]   DMA32    [mem 0x0000000001000000-0x00000000ffffffff]
[    0.025028]   Normal   [mem 0x0000000100000000-0x000000016a3fffff]
[    0.025029] Movable zone start for each node
[    0.025030] Early memory node ranges
[    0.025031]   node   0: [mem 0x0000000000001000-0x000000000009efff]
[    0.025032]   node   0: [mem 0x0000000000100000-0x00000000dffeffff]
[    0.025033]   node   0: [mem 0x0000000100000000-0x000000016a3fffff]
[    0.025034] Initmem setup node 0 [mem 0x0000000000001000-0x000000016a3fffff]
[    0.025063] On node 0, zone DMA: 1 pages in unavailable ranges
[    0.025550] On node 0, zone DMA: 97 pages in unavailable ranges
[    0.053749] On node 0, zone Normal: 16 pages in unavailable ranges
[    0.056666] On node 0, zone Normal: 23552 pages in unavailable ranges
[    0.059172] ACPI: PM-Timer IO Port: 0x4008
[    0.059437] IOAPIC[0]: apic_id 2, version 32, address 0xfec00000, GSI 0-23
[    0.059442] ACPI: INT_SRC_OVR (bus 0 bus_irq 0 global_irq 2 dfl dfl)
[    0.059444] ACPI: INT_SRC_OVR (bus 0 bus_irq 9 global_irq 9 low level)
[    0.059449] ACPI: Using ACPI (MADT) for SMP configuration information
[    0.059456] CPU topo: Max. logical packages:   1
[    0.059456] CPU topo: Max. logical dies:       1
[    0.059457] CPU topo: Max. dies per package:   1
[    0.059462] CPU topo: Max. threads per core:   1
[    0.059463] CPU topo: Num. cores per package:     2
[    0.059463] CPU topo: Num. threads per package:   2
[    0.059464] CPU topo: Allowing 2 present CPUs plus 0 hotplug CPUs
[    0.059576] PM: hibernation: Registered nosave memory: [mem 0x00000000-0x00000fff]
[    0.059579] PM: hibernation: Registered nosave memory: [mem 0x0009f000-0x0009ffff]
[    0.059579] PM: hibernation: Registered nosave memory: [mem 0x000a0000-0x000effff]
[    0.059580] PM: hibernation: Registered nosave memory: [mem 0x000f0000-0x000fffff]
[    0.059581] PM: hibernation: Registered nosave memory: [mem 0xdfff0000-0xdfffffff]
[    0.059582] PM: hibernation: Registered nosave memory: [mem 0xe0000000-0xfebfffff]
[    0.059583] PM: hibernation: Registered nosave memory: [mem 0xfec00000-0xfec00fff]
[    0.059583] PM: hibernation: Registered nosave memory: [mem 0xfec01000-0xfedfffff]
[    0.059584] PM: hibernation: Registered nosave memory: [mem 0xfee00000-0xfee00fff]
[    0.059584] PM: hibernation: Registered nosave memory: [mem 0xfee01000-0xfffbffff]
[    0.059585] PM: hibernation: Registered nosave memory: [mem 0xfffc0000-0xffffffff]
[    0.059586] [mem 0xe0000000-0xfebfffff] available for PCI devices
[    0.059587] Booting paravirtualized kernel on KVM
[    0.059589] clocksource: refined-jiffies: mask: 0xffffffff max_cycles: 0xffffffff, max_idle_ns: 1910969940391419 ns
[    0.066049] setup_percpu: NR_CPUS:64 nr_cpumask_bits:2 nr_cpu_ids:2 nr_node_ids:1
[    0.069018] percpu: Embedded 51 pages/cpu s171160 r8192 d29544 u1048576
[    0.069024] pcpu-alloc: s171160 r8192 d29544 u1048576 alloc=1*2097152
[    0.069026] pcpu-alloc: [0] 0 1 
[    0.069130] Kernel command line: BOOT_IMAGE=/vmlinuz-6.15.0-thor_kernel root=/dev/sda4 ro
[    0.069164] Unknown kernel command line parameters "BOOT_IMAGE=/vmlinuz-6.15.0-thor_kernel", will be passed to user space.
[    0.069181] random: crng init done
[    0.069182] printk: log buffer data + meta data: 262144 + 917504 = 1179648 bytes
[    0.070294] Dentry cache hash table entries: 1048576 (order: 11, 8388608 bytes, linear)
[    0.075396] Inode-cache hash table entries: 524288 (order: 10, 4194304 bytes, linear)
[    0.075496] software IO TLB: area num 2.
[    0.295015] Fallback order for Node 0: 0 
[    0.295021] Built 1 zonelists, mobility grouping on.  Total pages: 1352590
[    0.295024] Policy zone: Normal
[    0.295026] mem auto-init: stack:all(zero), heap alloc:off, heap free:off
[    0.308293] SLUB: HWalign=64, Order=0-3, MinObjects=0, CPUs=2, Nodes=1
[    0.308332] Kernel/User page tables isolation: enabled
[    0.309830] Dynamic Preempt: voluntary
[    0.309852] rcu: Preemptible hierarchical RCU implementation.
[    0.309853] rcu: 	RCU event tracing is enabled.
[    0.309853] rcu: 	RCU restricting CPUs from NR_CPUS=64 to nr_cpu_ids=2.
[    0.309855] 	Trampoline variant of Tasks RCU enabled.
[    0.309855] 	Tracing variant of Tasks RCU enabled.
[    0.309856] rcu: RCU calculated value of scheduler-enlistment delay is 100 jiffies.
[    0.309857] rcu: Adjusting geometry for rcu_fanout_leaf=16, nr_cpu_ids=2
[    0.309863] RCU Tasks: Setting shift to 1 and lim to 1 rcu_task_cb_adjust=1 rcu_task_cpu_ids=2.
[    0.309864] RCU Tasks Trace: Setting shift to 1 and lim to 1 rcu_task_cb_adjust=1 rcu_task_cpu_ids=2.
[    0.314291] NR_IRQS: 4352, nr_irqs: 440, preallocated irqs: 16
[    0.314940] rcu: srcu_init: Setting srcu_struct sizes based on contention.
[    0.347748] Console: colour VGA+ 80x25
[    0.347752] printk: legacy console [tty0] enabled
[    0.555657] ACPI: Core revision 20240827
[    0.557020] APIC: Switch to symmetric I/O mode setup
[    0.561022] x2apic enabled
[    0.564196] APIC: Switched APIC routing to: physical x2apic
[    0.574317] ..TIMER: vector=0x30 apic1=0 pin1=2 apic2=-1 pin2=-1
[    0.576168] clocksource: tsc-early: mask: 0xffffffffffffffff max_cycles: 0x1a0d0c42c0f, max_idle_ns: 440795202126 ns
[    0.578953] Calibrating delay loop (skipped) preset value.. 3614.57 BogoMIPS (lpj=1807286)
[    0.581769] Last level iTLB entries: 4KB 64, 2MB 8, 4MB 8
[    0.581952] Last level dTLB entries: 4KB 64, 2MB 32, 4MB 32, 1GB 4
[    0.582956] Spectre V1 : Mitigation: usercopy/swapgs barriers and __user pointer sanitization
[    0.583953] Spectre V2 : Mitigation: Retpolines
[    0.584952] Spectre V2 : Spectre v2 / SpectreRSB mitigation: Filling RSB on context switch
[    0.585956] Spectre V2 : Spectre v2 / SpectreRSB : Filling RSB on VMEXIT
[    0.586953] Speculative Store Bypass: Vulnerable
[    0.587953] MDS: Mitigation: Clear CPU buffers
[    0.588952] MMIO Stale Data: Unknown: No mitigations
[    0.590953] SRBDS: Unknown: Dependent on hypervisor status
[    0.592054] x86/fpu: Supporting XSAVE feature 0x001: 'x87 floating point registers'
[    0.592953] x86/fpu: Supporting XSAVE feature 0x002: 'SSE registers'
[    0.593952] x86/fpu: Supporting XSAVE feature 0x004: 'AVX registers'
[    0.594953] x86/fpu: xstate_offset[2]:  576, xstate_sizes[2]:  256
[    0.595952] x86/fpu: Enabled xstate features 0x7, context size is 832 bytes, using 'standard' format.
[    0.613904] Freeing SMP alternatives memory: 52K
[    0.613957] pid_max: default: 32768 minimum: 301
[    0.614973] LSM: initializing lsm=capability,selinux
[    0.615969] SELinux:  Initializing.
[    0.617331] Mount-cache hash table entries: 16384 (order: 5, 131072 bytes, linear)
[    0.618185] Mountpoint-cache hash table entries: 16384 (order: 5, 131072 bytes, linear)
[    0.718953] APIC calibration not consistent with PM-Timer: 97ms instead of 100ms
[    0.719949] APIC delta adjusted to PM-Timer: 6250488 (6124066)
[    0.720170] smpboot: CPU0: Intel(R) Core(TM) i5-5350U CPU @ 1.80GHz (family: 0x6, model: 0x3d, stepping: 0x4)
[    0.721499] Performance Events: unsupported CPU family 6 model 61 no PMU driver, software events only.
[    0.721985] signal: max sigframe size: 1776
[    0.723045] rcu: Hierarchical SRCU implementation.
[    0.723953] rcu: 	Max phase no-delay instances is 400.
[    0.725107] Timer migration: 1 hierarchy levels; 8 children per group; 1 crossnode level
[    0.726225] smp: Bringing up secondary CPUs ...
[    0.727438] smpboot: x86: Booting SMP configuration:
[    0.727955] .... node  #0, CPUs:      #1
[    0.732165] smp: Brought up 1 node, 2 CPUs
[    0.732956] smpboot: Total of 2 processors activated (7229.14 BogoMIPS)
[    0.735083] Memory: 5201732K/5410360K available (18317K kernel code, 2882K rwdata, 7228K rodata, 2756K init, 836K bss, 204652K reserved, 0K cma-reserved)
[    0.737038] devtmpfs: initialized
[    0.738990] clocksource: jiffies: mask: 0xffffffff max_cycles: 0xffffffff, max_idle_ns: 1911260446275000 ns
[    0.739956] posixtimers hash table entries: 1024 (order: 2, 16384 bytes, linear)
[    0.740981] futex hash table entries: 512 (order: 3, 32768 bytes, linear)
[    0.741954] PM: RTC time: 12:52:10, date: 2025-04-08
[    0.743056] NET: Registered PF_NETLINK/PF_ROUTE protocol family
[    0.743949] audit: initializing netlink subsys (disabled)
[    0.744977] audit: type=2000 audit(1744128142.593:1): state=initialized audit_enabled=0 res=1
[    0.745196] thermal_sys: Registered thermal governor 'step_wise'
[    0.745949] cpuidle: using governor menu
[    0.747989] PCI: Using configuration type 1 for base access
[    0.749111] kprobes: kprobe jump-optimization is enabled. All kprobes are optimized if possible.
[    0.751096] HugeTLB: allocation took 0ms with hugepage_allocation_threads=1
[    0.751949] HugeTLB: registered 2.00 MiB page size, pre-allocated 0 pages
[    0.751949] HugeTLB: 28 KiB vmemmap can be freed for a 2.00 MiB page
[    0.752365] ACPI: Added _OSI(Module Device)
[    0.752949] ACPI: Added _OSI(Processor Device)
[    0.752949] ACPI: Added _OSI(3.0 _SCP Extensions)
[    0.752949] ACPI: Added _OSI(Processor Aggregator Device)
[    0.752949] ACPI: 2 ACPI AML tables successfully acquired and loaded
[    0.753079] ACPI: Interpreter enabled
[    0.753949] ACPI: PM: (supports S0 S5)
[    0.753949] ACPI: Using IOAPIC for interrupt routing
[    0.753949] PCI: Using host bridge windows from ACPI; if necessary, use "pci=nocrs" and report a bug
[    0.753949] PCI: Using E820 reservations for host bridge windows
[    0.753949] ACPI: Enabled 2 GPEs in block 00 to 07
[    0.753949] ACPI: PCI Root Bridge [PCI0] (domain 0000 [bus 00-ff])
[    0.753949] acpi PNP0A03:00: _OSC: OS supports [ASPM ClockPM Segments MSI HPX-Type3]
[    0.753949] acpi PNP0A03:00: _OSC: not requesting OS control; OS requires [ExtendedConfig ASPM ClockPM MSI]
[    0.753949] acpi PNP0A03:00: fail to add MMCONFIG information, can't access extended configuration space under this bridge
[    0.753949] PCI host bridge to bus 0000:00
[    0.753949] pci_bus 0000:00: root bus resource [io  0x0000-0x0cf7 window]
[    0.753949] pci_bus 0000:00: root bus resource [io  0x0d00-0xffff window]
[    0.753949] pci_bus 0000:00: root bus resource [mem 0x000a0000-0x000bffff window]
[    0.753949] pci_bus 0000:00: root bus resource [mem 0xe0000000-0xfdffffff window]
[    0.753949] pci_bus 0000:00: root bus resource [bus 00-ff]
[    0.753949] pci 0000:00:00.0: [8086:1237] type 00 class 0x060000 conventional PCI endpoint
[    0.753949] pci 0000:00:01.0: [8086:7000] type 00 class 0x060100 conventional PCI endpoint
[    0.754949] pci 0000:00:01.1: [8086:7111] type 00 class 0x01018a conventional PCI endpoint
[    0.754949] pci 0000:00:01.1: BAR 4 [io  0xd000-0xd00f]
[    0.754949] pci 0000:00:01.1: BAR 0 [io  0x01f0-0x01f7]: legacy IDE quirk
[    0.754949] pci 0000:00:01.1: BAR 1 [io  0x03f6]: legacy IDE quirk
[    0.754949] pci 0000:00:01.1: BAR 2 [io  0x0170-0x0177]: legacy IDE quirk
[    0.754949] pci 0000:00:01.1: BAR 3 [io  0x0376]: legacy IDE quirk
[    0.755796] pci 0000:00:02.0: [15ad:0405] type 00 class 0x030000 conventional PCI endpoint
[    0.756949] pci 0000:00:02.0: BAR 0 [io  0xd010-0xd01f]
[    0.756949] pci 0000:00:02.0: BAR 1 [mem 0xe0000000-0xe0ffffff pref]
[    0.756949] pci 0000:00:02.0: BAR 2 [mem 0xf0000000-0xf01fffff]
[    0.756949] pci 0000:00:02.0: Video device with shadowed ROM at [mem 0x000c0000-0x000dffff]
[    0.756949] pci 0000:00:03.0: [8086:100e] type 00 class 0x020000 conventional PCI endpoint
[    0.758861] pci 0000:00:03.0: BAR 0 [mem 0xf0200000-0xf021ffff]
[    0.758949] pci 0000:00:03.0: BAR 2 [io  0xd020-0xd027]
[    0.758949] pci 0000:00:04.0: [80ee:cafe] type 00 class 0x088000 conventional PCI endpoint
[    0.759949] pci 0000:00:04.0: BAR 0 [io  0xd040-0xd05f]
[    0.759949] pci 0000:00:04.0: BAR 1 [mem 0xf0400000-0xf07fffff]
[    0.759949] pci 0000:00:04.0: BAR 2 [mem 0xf0800000-0xf0803fff pref]
[    0.759949] pci 0000:00:05.0: [8086:2415] type 00 class 0x040100 conventional PCI endpoint
[    0.759949] pci 0000:00:05.0: BAR 0 [io  0xd100-0xd1ff]
[    0.759949] pci 0000:00:05.0: BAR 1 [io  0xd200-0xd23f]
[    0.759949] pci 0000:00:06.0: [106b:003f] type 00 class 0x0c0310 conventional PCI endpoint
[    0.760949] pci 0000:00:06.0: BAR 0 [mem 0xf0804000-0xf0804fff]
[    0.762252] pci 0000:00:07.0: [8086:7113] type 00 class 0x068000 conventional PCI endpoint
[    0.767095] pci 0000:00:07.0: quirk: [io  0x4000-0x403f] claimed by PIIX4 ACPI
[    0.767990] pci 0000:00:07.0: quirk: [io  0x4100-0x410f] claimed by PIIX4 SMB
[    0.771196] pci 0000:00:0b.0: [8086:265c] type 00 class 0x0c0320 conventional PCI endpoint
[    0.775254] pci 0000:00:0b.0: BAR 0 [mem 0xf0805000-0xf0805fff]
[    0.779278] pci 0000:00:0d.0: [8086:2829] type 00 class 0x010601 conventional PCI endpoint
[    0.784140] pci 0000:00:0d.0: BAR 0 [io  0xd240-0xd247]
[    0.784997] pci 0000:00:0d.0: BAR 1 [io  0xd248-0xd24b]
[    0.785990] pci 0000:00:0d.0: BAR 2 [io  0xd250-0xd257]
[    0.786992] pci 0000:00:0d.0: BAR 3 [io  0xd258-0xd25b]
[    0.787990] pci 0000:00:0d.0: BAR 4 [io  0xd260-0xd26f]
[    0.788990] pci 0000:00:0d.0: BAR 5 [mem 0xf0806000-0xf0807fff]
[    0.801140] ACPI: PCI: Interrupt link LNKA configured for IRQ 11
[    0.803020] ACPI: PCI: Interrupt link LNKB configured for IRQ 10
[    0.805153] ACPI: PCI: Interrupt link LNKC configured for IRQ 9
[    0.806148] ACPI: PCI: Interrupt link LNKD configured for IRQ 11
[    0.807195] iommu: Default domain type: Translated
[    0.807953] iommu: DMA domain TLB invalidation policy: lazy mode
[    0.809987] SCSI subsystem initialized
[    0.811987] libata version 3.00 loaded.
[    0.812030] ACPI: bus type USB registered
[    0.813965] usbcore: registered new interface driver usbfs
[    0.814962] usbcore: registered new interface driver hub
[    0.815981] usbcore: registered new device driver usb
[    0.816970] pps_core: LinuxPPS API ver. 1 registered
[    0.818952] pps_core: Software ver. 5.3.6 - Copyright 2005-2007 Rodolfo Giometti <giometti@linux.it>
[    0.819958] PTP clock support registered
[    0.822049] Advanced Linux Sound Architecture Driver Initialized.
[    0.824126] NetLabel: Initializing
[    0.824953] NetLabel:  domain hash size = 128
[    0.825953] NetLabel:  protocols = UNLABELED CIPSOv4 CALIPSO
[    0.826973] NetLabel:  unlabeled traffic allowed by default
[    0.829041] PCI: Using ACPI for IRQ routing
[    0.829954] PCI: pci_cache_line_size set to 64 bytes
[    0.831350] e820: reserve RAM buffer [mem 0x0009fc00-0x0009ffff]
[    0.831954] e820: reserve RAM buffer [mem 0xdfff0000-0xdfffffff]
[    0.831956] e820: reserve RAM buffer [mem 0x16a400000-0x16bffffff]
[    0.832016] pci 0000:00:02.0: vgaarb: setting as boot VGA device
[    0.832949] pci 0000:00:02.0: vgaarb: bridge control possible
[    0.832949] pci 0000:00:02.0: vgaarb: VGA device added: decodes=io+mem,owns=io+mem,locks=none
[    0.832955] vgaarb: loaded
[    0.834056] clocksource: Switched to clocksource kvm-clock
[    0.835247] VFS: Disk quotas dquot_6.6.0
[    0.837411] VFS: Dquot-cache hash table entries: 512 (order 0, 4096 bytes)
[    0.839448] pnp: PnP ACPI init
[    0.842903] pnp: PnP ACPI: found 2 devices
[    0.874376] clocksource: acpi_pm: mask: 0xffffff max_cycles: 0xffffff, max_idle_ns: 2085701024 ns
[    0.876862] NET: Registered PF_INET protocol family
[    0.880500] IP idents hash table entries: 131072 (order: 8, 1048576 bytes, linear)
[    0.885243] tcp_listen_portaddr_hash hash table entries: 4096 (order: 4, 65536 bytes, linear)
[    0.887952] Table-perturb hash table entries: 65536 (order: 6, 262144 bytes, linear)
[    0.890107] TCP established hash table entries: 65536 (order: 7, 524288 bytes, linear)
[    0.893390] TCP bind hash table entries: 65536 (order: 9, 2097152 bytes, linear)
[    0.900198] TCP: Hash tables configured (established 65536 bind 65536)
[    0.902087] UDP hash table entries: 4096 (order: 6, 262144 bytes, linear)
[    0.904862] UDP-Lite hash table entries: 4096 (order: 6, 262144 bytes, linear)
[    0.907400] NET: Registered PF_UNIX/PF_LOCAL protocol family
[    0.909629] RPC: Registered named UNIX socket transport module.
[    0.911326] RPC: Registered udp transport module.
[    0.912673] RPC: Registered tcp transport module.
[    0.914032] RPC: Registered tcp-with-tls transport module.
[    0.915577] RPC: Registered tcp NFSv4.1 backchannel transport module.
[    0.918148] pci_bus 0000:00: resource 4 [io  0x0000-0x0cf7 window]
[    0.919906] pci_bus 0000:00: resource 5 [io  0x0d00-0xffff window]
[    0.921598] pci_bus 0000:00: resource 6 [mem 0x000a0000-0x000bffff window]
[    0.923830] pci_bus 0000:00: resource 7 [mem 0xe0000000-0xfdffffff window]
[    0.926036] pci 0000:00:00.0: Limiting direct PCI/PCI transfers
[    0.926907] PCI: CLS 0 bytes, default 64
[    0.932893] PCI-DMA: Using software bounce buffering for IO (SWIOTLB)
[    0.934636] software IO TLB: mapped [mem 0x00000000dbff0000-0x00000000dfff0000] (64MB)
[    0.937007] RAPL PMU: API unit is 2^-32 Joules, 0 fixed counters, 10737418240 ms ovfl timer
[    0.939327] clocksource: tsc: mask: 0xffffffffffffffff max_cycles: 0x1a0d0c42c0f, max_idle_ns: 440795202126 ns
[    0.942636] clocksource: Switched to clocksource tsc
[    0.944175] platform rtc_cmos: registered platform RTC device (no PNP device found)
[    0.967087] Initialise system trusted keyrings
[    0.968700] workingset: timestamp_bits=56 max_order=21 bucket_order=0
[    0.972039] NFS: Registering the id_resolver key type
[    0.973862] Key type id_resolver registered
[    0.975099] Key type id_legacy registered
[    0.976866] 9p: Installing v9fs 9p2000 file system support
[    0.993171] Key type asymmetric registered
[    0.994397] Asymmetric key parser 'x509' registered
[    0.995913] Block layer SCSI generic (bsg) driver version 0.4 loaded (major 251)
[    0.997978] io scheduler mq-deadline registered
[    0.999328] io scheduler kyber registered
[    1.001765] ACPI: AC: AC Adapter [AC] (on-line)
[    1.003406] input: Power Button as /devices/LNXSYSTM:00/LNXPWRBN:00/input/input0
[    1.005644] ACPI: button: Power Button [PWRF]
[    1.007010] input: Sleep Button as /devices/LNXSYSTM:00/LNXSLPBN:00/input/input1
[    1.009279] ACPI: button: Sleep Button [SLPF]
[    1.010616] ACPI: video: Video Device [GFX0] (multi-head: yes  rom: no  post: no)
[    1.013648] input: Video Bus as /devices/LNXSYSTM:00/LNXSYBUS:00/PNP0A03:00/LNXVIDEO:00/input/input2
[    1.019309] ACPI: battery: Slot [BAT0] (battery present)
[    1.021046] Serial: 8250/16550 driver, 4 ports, IRQ sharing enabled
[    1.024664] Non-volatile memory driver v1.3
[    1.026324] Linux agpgart interface v0.103
[    1.028078] ACPI: bus type drm_connector registered
[    1.031376] loop: module loaded
[    1.034570] ahci 0000:00:0d.0: version 3.0
[    1.035692] ahci 0000:00:0d.0: SSS flag set, parallel bus scan disabled
[    1.038492] ahci 0000:00:0d.0: AHCI vers 0001.0100, 32 command slots, 3 Gbps, SATA mode
[    1.041119] ahci 0000:00:0d.0: 1/1 ports implemented (port mask 0x1)
[    1.043810] ahci 0000:00:0d.0: flags: 64bit ncq stag only ccc 
[    1.047209] scsi host0: ahci
[    1.048773] ata1: SATA max UDMA/133 abar m8192@0xf0806000 port 0xf0806100 irq 21 lpm-pol 0
[    1.051485] ata_piix 0000:00:01.1: version 2.13
[    1.053607] scsi host1: ata_piix
[    1.056030] scsi host2: ata_piix
[    1.057580] ata2: PATA max UDMA/33 cmd 0x1f0 ctl 0x3f6 bmdma 0xd000 irq 14 lpm-pol 0
[    1.058450] ata3: PATA max UDMA/33 cmd 0x170 ctl 0x376 bmdma 0xd008 irq 15 lpm-pol 0
[    1.063231] e100: Intel(R) PRO/100 Network Driver
[    1.063916] e100: Copyright(c) 1999-2006 Intel Corporation
[    1.063916] e1000: Intel(R) PRO/1000 Network Driver
[    1.063916] e1000: Copyright (c) 1999-2006 Intel Corporation.
[    1.258659] ata3.00: ATAPI: VBOX CD-ROM, 1.0, max UDMA/133
[    1.363373] ata1: SATA link up 3.0 Gbps (SStatus 123 SControl 300)
[    1.365661] ata1.00: ATA-6: VBOX HARDDISK, 1.0, max UDMA/133
[    1.366342] ata1.00: 73400320 sectors, multi 128: LBA48 NCQ (depth 32)
[    1.369955] ata1.00: configured for UDMA/133
[    1.371794] scsi 0:0:0:0: Direct-Access     ATA      VBOX HARDDISK    1.0  PQ: 0 ANSI: 5
[    1.372451] sd 0:0:0:0: [sda] 73400320 512-byte logical blocks: (37.6 GB/35.0 GiB)
[    1.372451] sd 0:0:0:0: [sda] Write Protect is off
[    1.372451] sd 0:0:0:0: [sda] Mode Sense: 00 3a 00 00
[    1.372451] sd 0:0:0:0: Attached scsi generic sg0 type 0
[    1.380324] sd 0:0:0:0: [sda] Write cache: enabled, read cache: enabled, doesn't support DPO or FUA
[    1.381269] sd 0:0:0:0: [sda] Preferred minimum I/O size 512 bytes
[    1.381269] scsi 2:0:0:0: CD-ROM            VBOX     CD-ROM           1.0  PQ: 0 ANSI: 5
[    1.391111] sr 2:0:0:0: [sr0] scsi3-mmc drive: 32x/32x xa/form2 tray
[    1.391912] cdrom: Uniform CD-ROM driver Revision: 3.20
[    1.402264] sr 2:0:0:0: Attached scsi CD-ROM sr0
[    1.402735] sr 2:0:0:0: Attached scsi generic sg1 type 5
[    1.421914]  sda: sda1 sda2 sda3 sda4
[    1.422564] sd 0:0:0:0: [sda] Attached SCSI disk
[    1.600852] e1000 0000:00:03.0 eth0: (PCI:33MHz:32-bit) 08:00:27:a8:ba:75
[    1.600852] e1000 0000:00:03.0 eth0: Intel(R) PRO/1000 Network Connection
[    1.600852] e1000e: Intel(R) PRO/1000 Network Driver
[    1.600852] e1000e: Copyright(c) 1999 - 2015 Intel Corporation.
[    1.600852] sky2: driver version 1.30
[    1.612930] ehci-pci 0000:00:0b.0: EHCI Host Controller
[    1.615931] ehci-pci 0000:00:0b.0: new USB bus registered, assigned bus number 1
[    1.619264] ehci-pci 0000:00:0b.0: irq 19, io mem 0xf0805000
[    1.626902] ehci-pci 0000:00:0b.0: USB 2.0 started, EHCI 1.00
[    1.628958] usb usb1: New USB device found, idVendor=1d6b, idProduct=0002, bcdDevice= 6.15
[    1.631951] usb usb1: New USB device strings: Mfr=3, Product=2, SerialNumber=1
[    1.634356] usb usb1: Product: EHCI Host Controller
[    1.636149] usb usb1: Manufacturer: Linux 6.15.0-thor_kernel ehci_hcd
[    1.638295] usb usb1: SerialNumber: 0000:00:0b.0
[    1.640418] hub 1-0:1.0: USB hub found
[    1.642007] hub 1-0:1.0: 12 ports detected
[    1.644350] ohci-pci 0000:00:06.0: OHCI PCI host controller
[    1.646558] ohci-pci 0000:00:06.0: new USB bus registered, assigned bus number 2
[    1.649314] ohci-pci 0000:00:06.0: irq 22, io mem 0xf0804000
[    1.703375] usb usb2: New USB device found, idVendor=1d6b, idProduct=0001, bcdDevice= 6.15
[    1.706051] usb usb2: New USB device strings: Mfr=3, Product=2, SerialNumber=1
[    1.708475] usb usb2: Product: OHCI PCI host controller
[    1.710371] usb usb2: Manufacturer: Linux 6.15.0-thor_kernel ohci_hcd
[    1.712868] usb usb2: SerialNumber: 0000:00:06.0
[    1.715056] hub 2-0:1.0: USB hub found
[    1.715909] hub 2-0:1.0: 12 ports detected
[    1.720120] usbcore: registered new interface driver usblp
[    1.722098] usbcore: registered new interface driver usb-storage
[    1.724212] i8042: PNP: PS/2 Controller [PNP0303:PS2K,PNP0f03:PS2M] at 0x60,0x64 irq 1,12
[    1.729533] serio: i8042 KBD port at 0x60,0x64 irq 1
[    1.731395] serio: i8042 AUX port at 0x60,0x64 irq 12
[    1.737944] input: AT Translated Set 2 keyboard as /devices/platform/i8042/serio0/input/input3
[    1.740743] rtc_cmos rtc_cmos: registered as rtc0
[    1.742745] rtc_cmos rtc_cmos: alarms up to one day, 114 bytes nvram
[    1.745320] device-mapper: ioctl: 4.49.0-ioctl (2025-01-17) initialised: dm-devel@lists.linux.dev
[    1.747890] intel_pstate: CPU model not supported
[    1.749414] hid: raw HID events driver (C) Jiri Kosina
[    1.750315] usbcore: registered new interface driver usbhid
[    1.750315] usbhid: USB HID core driver
[    1.759830] Initializing XFRM netlink socket
[    1.759830] NET: Registered PF_INET6 protocol family
[    1.769201] Segment Routing with IPv6
[    1.769214] input: ImExPS/2 Generic Explorer Mouse as /devices/platform/i8042/serio1/input/input5
[    1.770108] In-situ OAM (IOAM) with IPv6
[    1.775232] sit: IPv6, IPv4 and MPLS over IPv4 tunneling driver
[    1.777208] NET: Registered PF_PACKET protocol family
[    1.779109] 9pnet: Installing 9P2000 support
[    1.780386] Key type dns_resolver registered
[    1.782614] IPI shorthand broadcast: enabled
[    1.788325] sched_clock: Marking stable (1531016732, 256777337)->(2015546321, -227752252)
[    1.791054] registered taskstats version 1
[    1.792275] Loading compiled-in X.509 certificates
[    1.796399] Demotion targets for Node 0: null
[    1.797978] PM:   Magic number: 5:200:885
[    1.799592] printk: legacy console [netcon0] enabled
[    1.801020] netconsole: network logging started
[    1.802559] cfg80211: Loading compiled-in X.509 certificates for regulatory database
[    1.805015] kworker/u9:1 (63) used greatest stack depth: 14280 bytes left
[    1.808048] Loaded X.509 cert 'sforshee: 00b28ddf47aef9cea7'
[    1.810053] Loaded X.509 cert 'wens: 61c038651aabdcf94bd0ac7ff06c7248db18c600'
[    1.812123] platform regulatory.0: Direct firmware load for regulatory.db failed with error -2
[    1.814531] cfg80211: failed to load regulatory.db
[    1.815946] ALSA device list:
[    1.816979]   No soundcards found.
[    1.818101] md: Waiting for all devices to be available before autodetect
[    1.820352] md: If you don't use raid, use raid=noautodetect
[    1.822406] md: Autodetecting RAID arrays.
[    1.823844] md: autorun ...
[    1.824818] md: ... autorun DONE.
[    1.836865] EXT4-fs (sda4): mounted filesystem b4d903e0-5961-41e9-b8ca-3feff5a7b0cd ro with ordered data mode. Quota mode: none.
[    1.840513] VFS: Mounted root (ext4 filesystem) readonly on device 8:4.
[    1.846251] devtmpfs: mounted
[    1.848258] Freeing unused kernel image (initmem) memory: 2756K
[    1.850223] Write protecting the kernel read-only data: 26624k
[    1.852390] Freeing unused kernel image (text/rodata gap) memory: 112K
[    1.854930] Freeing unused kernel image (rodata/data gap) memory: 964K
[    1.911178] x86/mm: Checked W+X mappings: passed, no W+X pages found.
[    1.912970] x86/mm: Checking user space page tables
[    1.966672] x86/mm: Checked W+X mappings: passed, no W+X pages found.
[    1.969545] Run /sbin/init as init process
[    1.970886]   with arguments:
[    1.970888]     /sbin/init
[    1.970889]   with environment:
[    1.970890]     HOME=/
[    1.970891]     TERM=linux
[    1.970891]     BOOT_IMAGE=/vmlinuz-6.15.0-thor_kernel
[    1.988033] usb 2-1: new full-speed USB device number 2 using ohci-pci
[    2.094920] stty (72) used greatest stack depth: 12840 bytes left
[    2.219925] usb 2-1: New USB device found, idVendor=80ee, idProduct=0021, bcdDevice= 1.00
[    2.219941] usb 2-1: New USB device strings: Mfr=1, Product=3, SerialNumber=0
[    2.219943] usb 2-1: Product: USB Tablet
[    2.219945] usb 2-1: Manufacturer: VirtualBox
[    2.231985] input: VirtualBox USB Tablet as /devices/pci0000:00/0000:00:06.0/usb2/2-1/2-1:1.0/0003:80EE:0021.0001/input/input6
[    2.232432] hid-generic 0003:80EE:0021.0001: input,hidraw0: USB HID v1.10 Mouse [VirtualBox USB Tablet] on usb-0000:00:06.0-1/input0
[    2.570521] udevd[198]: Starting systemd-udevd version 257.3
[    2.607532] udevd[199]: Using default interface naming scheme 'v257'.
[    2.850776] e1000 0000:00:03.0 enp0s3: renamed from eth0
[    3.711193] Adding 2097148k swap on /dev/sda3.  Priority:1 extents:1 across:2097148k 
[    3.750844] EXT4-fs (sda4): re-mounted b4d903e0-5961-41e9-b8ca-3feff5a7b0cd.
[    3.867950] EXT4-fs (sda4): re-mounted b4d903e0-5961-41e9-b8ca-3feff5a7b0cd r/w.
[    3.905097] EXT4-fs (sda2): mounted filesystem 66e69e5f-db59-4298-aff6-c4926247c4a9 r/w with ordered data mode. Quota mode: none.
[    4.760546] gzip (377) used greatest stack depth: 12520 bytes left
[    4.983915] e1000: enp0s3 NIC Link is Up 1000 Mbps Full Duplex, Flow Control: RX
